146_0-	2014_0-	147_0-	2013_0-	2012_0-	145_0-	2004_0+	428_0-	2597_0-	427_0-	2596_0-	426_0-	2595_0-	424_0-	2594_0-	423_0-	2593_0-	422_0-	1562_0-	3081_0+	1063_1+	1064_1+	1128_0-	3646_0-	878_0-	3635_0+	1065_0-	1064_0-	1063_2-	2621_0-	2144_0+	1063_3+	3352_0-	754_0-	3345_2-	753_0-	752_0-	3344_2+	1100_43-	1099_50-	1098_31-	1097_47-	1096_38-	2912_1-	1100_69-	1099_24-	1098_56-	1097_22-	1096_2-	3937_0-	2350_0-	304_0+	2351_0+	306_0+	2359_0+	3584_0+	1063_0+	1064_2+	1128_1-	3520_0-	3519_0-	812_0+	3521_1+	813_0+	3869_0+	1036_2+	3732_0+	1036_4+	2726_0-	484_0-	166_0-	2049_0+	1276_0+	165_0-	1123_9-	1122_6-	1121_6-	2720_0-	483_0-	2718_0+	2860_0-	544_0-	2858_0-	2708_0-	482_0+	2716_0+	2713_0+	1166_9+	1132_1+	1029_4-	1028_3-	3775_0-	1706_1-	19_0-	1700_0+	3051_0-	630_0+	3053_0+	631_0+	21_0-	1707_0-	20_0-	36_0-	35_0-	871_0-	3624_0-	870_0-	3623_1-	3694_0+	1028_6+	1029_1+	3851_0+	1028_8+	3509_0-	810_0+	811_0+	3512_0+	1256_0+	951_0-	3849_0-	950_0-	3848_0-	949_0-	3847_0-	948_0-	3845_0+	1028_5+	3022_0-	620_0-	3020_0-	1037_1-	1036_13-	3513_0-	3118_0+	1036_5+	3692_0+	1036_6+	3648_0+	1036_9+	1037_6+	3579_0+	1036_11+	1037_4+	3681_0-	889_0+	3683_0+	890_0+	3684_0+	891_0+	3690_0+	3682_0+	1176_13+	1177_9+	2434_0+	1176_27+	1177_27+	3933_0+	1176_2+	2727_2-	485_0+	2728_1+	486_0+	2732_0+	1177_14-	1176_34-	1871_0-	1177_4-	1176_23-	3119_0-	
276_0-	277_0-	275_0-	2296_0-	274_0-	2295_0-	1122_9+	1123_6+	272_0+	2294_0+	273_0+	1081_2-	3660_0-	1081_0-	3677_0-	3679_0-	888_0-	3672_0-	887_0-	3670_0+	1103_2-	1102_10-	3403_0-	1103_1-	1102_11-	3582_0-	1511_1+	268_0-	2291_0-	267_0-	2290_0-	266_0-	855_0-	3590_0-	853_0-	3589_0-	852_0-	3586_0+	1096_22+	3587_0+	1150_13+	1151_21+	1260_0+	661_0-	3106_0-	660_0-	3105_0-	659_0-	3104_0-	658_0-	3102_0+	1152_2-	1151_10-	1150_12-	2147_0-	1152_0-	1151_9-	1150_15-	3408_0-	271_0-	270_0-	2293_0-	269_0-	2292_0+	1184_0+	1512_0+	766_0-	3410_0-	765_0-	1979_0-	136_0-	135_0-	1978_0-	134_0-	1079_0-	133_0-	132_0-	1975_0+	2545_0-	400_0-	399_0-	2544_0-	2543_0-	398_0+	2676_0-	467_0+	2684_0+	3956_0+	1028_0+	1029_7+	1030_0+	215_0+	2148_0+	216_0+	2154_0+	2143_0+	1102_7+	1103_5+	2885_0-	558_0+	2886_0+	559_0+	1153_0+	1154_1+	1155_1+	321_0+	2382_0+	322_0+	2385_0+	1586_0+	577_0+	2928_0+	3920_0-	1003_0-	3919_0-	1002_0-	3918_0-	1001_0-	3917_0-	1000_0-	3916_0-	999_0-	1049_0-	997_0-	996_0-	995_0-	1035_12-	1034_4-	998_0-	3915_0+	1169_0+	1170_0+	993_0-	2200_0-	443_0-	2627_0-	442_0-	2626_0-	441_0-	2622_0+	1044_1+	2822_0-	522_0-	521_0-	2818_0-	2839_1+	535_0+	2846_0+	2071_0+	192_0+	193_0+	1045_0-	194_0+	707_0+	708_0+	3226_0+	1166_7-	450_0-	449_0-	448_0-	1144_8-	1143_15-	1793_0-	64_0-	63_0-	1100_52-	1099_41-	1098_40-	1097_38-	1096_21-	57_0-	1138_0+	56_0-	1774_0-	55_0-	1114_0-	1100_17-	1099_76-	1098_5-	1097_73-	1096_118-	1697_0-	1100_23-	1099_70-	1098_11-	1097_67-	1096_124-	1788_0-	1100_76-	1099_81-	1098_0-	1097_78-	1096_113-	2623_0-	
319_0+	2378_0+	320_0+	2381_0+	444_0+	2631_0+	3083_0+	1096_61+	1097_50+	1098_28+	1099_53+	1100_40+	2634_0+	1096_95+	1097_16+	1098_62+	1099_18+	1100_75+	
381_0-	2521_0+	1030_1-	1029_0-	1028_7-	3867_0-	3127_0-	667_0+	3128_0+	668_0+	669_0+	3129_0+	2239_0-	251_0+	2243_0+	252_0+	2244_0+	253_0+	2246_0+	2569_2-	410_0-	2568_0-	409_0-	2567_1-	408_0-	2566_0-	407_0-	2564_0+	3324_0-	744_0+	3330_0+	745_0+	1618_0-	1127_11-	3865_0+	966_0+	3866_0+	967_0+	968_0+	3870_0+	1176_4+	1177_17+	1613_0-	1127_8-	1632_0-	1127_12-	1174_7+	1268_0+	1174_5+	1334_0+	1174_4+	1302_0+	1174_3+	1349_0+	1174_1+	1359_0+	1174_0+	1325_0+	3877_0-	969_0+	3878_0+	970_0+	1074_0+	971_0+	972_0+	1360_0-	1174_2-	1637_0-	1127_1-	1629_0-	1127_2-	1556_0-	1127_7-	1619_0-	1127_5-	1126_2-	1628_0-	1127_3-	1126_3-	1529_0-	1127_6-	1126_4-	1567_0-	1127_13-	1126_5-	1143_26-	2030_0-	1143_23-	2108_0-	1143_22-	2190_0-	1143_20-	2503_0-	1143_16-	3043_0-	1143_7-	3288_0-	1143_6-	3776_0-	1143_5-	1680_0-	1143_4-	1991_0-	1143_1-	2172_0-	1143_0-	2240_0-	3197_0-	692_0+	3201_0+	693_0+	694_0+	695_0+	3202_0+	696_0+	3203_0+	697_0+	3204_0+	698_0+	3205_0+	699_0+	700_0+	3206_0+	1143_12+	1144_5+	2579_0-	416_0+	417_0+	418_0+	1301_0-	2404_0-	326_0-	2397_0-	325_0-	2396_0-	324_0-	2394_0+	1176_0-	3954_0-	1022_0+	3955_0+	1023_0+	386_0-	1062_3-	980_0-	3896_0-	978_0-	3895_0-	977_0-	3060_0-	3897_0-	979_0-	981_0-	3143_0-	3147_0-	674_0-	3144_0-	673_0-	3141_0-	672_0+	1677_0-	15_0+	1678_0+	16_0+	17_0+	1679_0+	2210_0-	242_0-	2204_0-	241_0-	2203_0-	240_0-	2202_0-	239_0-	2201_0-	238_0-	330_0-	1062_1-	2460_0-	356_0-	1062_7-	1061_1-	288_0-	1062_6-	1061_2-	323_0-	1062_2-	1061_3-	
1034_3+	1035_11+	1046_0+	1047_0+	3_0+	1641_0+	4_0+	5_0+	1645_0+	1034_2+	1035_6+	1080_0+	1034_1+	1035_8+	1042_0+	1035_3+	1101_0+	37_0+	1735_0+	38_0+	1736_0+	39_0+	1737_0+	40_0+	1738_0+	41_0+	1741_0+	31_0+	1725_0+	32_0+	1726_0+	33_0+	1727_0+	311_0+	2365_0+	312_0+	2366_1+	313_0+	2367_2+	314_0+	2870_0-	555_0-	2868_0-	6_0-	1650_0+	1652_0-	7_0+	1654_0+	8_0+	1655_0+	9_0+	1656_0+	10_0+	1657_0+	11_0+	12_0+	1664_0+	1538_0+	188_0+	296_0+	2331_0+	297_0+	3375_0-	760_0+	3383_0+	1128_2+	1129_0+	3380_0+	1166_8+	3522_0+	814_0+	3523_0+	815_0+	816_0+	817_0+	3524_0+	1757_0-	46_0+	1759_0+	47_0+	1760_0+	48_0+	1761_0+	49_0+	1762_0+	50_0+	51_0+	1769_0+	1188_3+	1189_0+	1102_2-	3872_0-	2657_0+	1115_1+	1116_3+	1188_1-	1986_0-	2619_0+	1115_2+	1116_4+	1117_0+	3840_0+	1102_4+	1116_1-	1115_5-	1828_0-	3642_0+	1081_3+	1115_0-	3379_0-	2442_0-	349_0+	2443_0+	1180_0+	1181_0+	2764_0-	500_0-	499_0-	2762_0+	1040_0-	3095_0-	655_0-	654_0-	653_0-	3093_0-	652_0-	3092_0-	3099_0-	657_0-	656_0-	3094_0-	3138_0+	1096_129+	1097_62+	1098_16+	1099_65+	1100_28+	2892_0+	1096_51+	1097_60+	1098_18+	1099_63+	1100_30+	2212_0+	1096_104+	1097_7+	1098_71+	1099_9+	1100_4+	2146_0+	1096_65+	1097_29+	1098_49+	1099_32+	1100_61+	1096_4+	1097_12+	1098_66+	1099_14+	1096_110-	2944_1-	1096_96-	2250_0-	1096_92-	3050_0-	1096_90-	1891_0-	1096_86-	2048_0-	1096_83-	2094_0-	1096_80-	1832_0-	3123_0-	665_0+	3124_0+	666_0+	3126_0+	1096_63+	2214_0-	243_0+	2215_0+	244_0+	2217_0+	1771_0-	52_0+	1772_0+	53_0+	1948_0-	116_0-	1945_0+	1146_0+	1253_0+	3454_0-	788_0-	3447_0-	787_0-	1145_0+	786_0-	3446_0-	785_0-	3445_0-	784_0-	3444_0-	783_0-	3443_0-	782_0-	1233_0-	2252_0-	255_0-	254_0-	1396_0-	3139_0-	671_0-	670_0-	3131_0+	1103_3-	1102_9-	3110_0-	936_0+	3815_0+	3805_0+	1148_0+	935_0-	3804_0-	1147_0+	1148_1+	1149_0+	2275_0-	263_0-	2270_0-	262_0-	261_0-	2259_0+	258_0+	2260_1+	1143_2-	2018_0-	151_0-	1171_0+	150_0-	2016_0-	826_0-	3544_0-	825_0-	3543_0-	824_0-	2879_0+	1143_9+	1144_7+	3088_0-	651_0+	3092_1+	3738_0-	909_0+	3740_0+	1143_3+	1745_0-	43_0-	1744_0-	42_0-	
1058_7-	3370_0-	3372_0-	759_0-	758_0-	3368_0-	945_0+	3837_0+	946_0+	947_0+	3842_0+	3838_0+	1083_0+	944_0-	3836_0-	943_0-	3835_0-	942_0-	3834_0-	941_0-	3833_0-	940_0-	3825_0+	2687_0-	469_0-	468_0-	2685_0+	2854_1-	541_0-	2853_1+	792_0+	3464_0+	793_0+	794_0+	3466_0+	3469_0+	1096_77+	2704_0+	1096_79+	2476_0+	1096_82+	2761_1+	1096_85+	1100_46-	1099_47-	1098_34-	1097_44-	1096_41-	2884_0-	3385_0-	761_0+	762_0+	3387_0+	1998_0-	142_0+	143_0+	144_0+	2000_0+	1163_0+	2236_0-	249_0+	2237_0+	250_0+	2238_0+	1530_0+	89_0+	1113_0-	91_0+	1872_0+	1870_0+	1143_25+	1144_2+	3472_0-	795_0+	3474_0+	796_0+	3907_0+	1028_4+	1029_3+	1132_0-	1160_0+	1161_0+	1162_0+	360_0+	361_0+	2478_0+	362_0+	2479_0+	363_0+	2480_0+	364_0+	2481_0+	365_0+	2482_1+	1127_4+	1625_0+	859_0-	858_0-	857_0-	3591_0-	3270_0+	856_0+	2298_0-	279_0-	278_0-	2297_2-	3211_0-	701_0+	3214_0+	702_0+	3215_0+	2638_0-	445_0+	2640_0+	446_0+	3193_0+	1143_13+	1144_9+	2054_0+	1143_24+	1144_3+	2496_0-	369_0+	2498_0+	2934_0+	580_0+	1130_0+	92_0+	582_0+	2936_0+	583_0+	1179_0-	1132_5+	1051_0+	581_0+	2935_0+	1035_2+	1052_0+	1053_0+	1054_0+	1055_0+	1056_0+	478_0+	2698_0+	479_0+	2699_0+	480_0+	481_0+	2702_0+	3578_0-	851_0-	850_0-	1086_0-	1035_10-	27_0-	1716_0-	26_0-	1715_0+	2854_0+	542_0+	543_0+	2859_0+	545_0+	2861_0+	546_0+	2862_0+	547_0+	2863_0+	548_0+	2864_0+	549_0+	2865_0+	550_0+	2866_0+	1192_0+	1193_0+	2969_0-	594_0-	2966_0-	3398_0+	764_0+	3399_0+	2966_1-	593_0-	2960_0+	1177_26-	1176_22-	3207_0-	1177_6-	1176_19-	3354_0-	3355_0-	756_0-	755_0-	3353_0+	1143_11+	3925_0+	1008_0+	3926_0+	1009_0+	3927_0+	1010_0+	3929_0+	2165_0-	219_0-	2161_0-	218_0-	2160_0-	217_0-	2155_0+	2288_0-	265_0-	2282_0-	264_0-	2281_0+	2809_0-	516_0-	2805_0-	515_0-	2802_0+	1144_10-	1143_21-	2433_0-	2437_0-	347_0-	2436_0-	346_0-	2435_0-	345_0-	1195_0+	1196_0+	1516_0+	685_0-	3187_0-	684_0-	3186_0-	683_0-	1214_0-	2999_0-	611_0-	2997_0-	610_0-	2996_0-	609_0-	608_0-	2995_0+	3760_0+	1036_3+	1037_0+	3267_0-	725_0+	3270_1+	1141_1+	726_0+	3271_0+	727_0+	3275_0+	1123_0-	713_0+	3234_0+	714_0+	3235_0+	715_0+	3236_0+	716_0+	3239_0+	1312_0+	498_0-	497_0-	2753_0+	1177_3-	1176_28-	2505_0-	1557_0+	380_0-	2514_0-	379_0-	2513_0-	378_0-	1067_0-	376_0-	2511_0-	375_0-	2510_1-	374_0-	2509_0-	373_0-	2508_0-	372_0-	2507_0-	371_0-	2506_0-	370_0-	1296_0-	1174_6-	287_0-	2321_0-	286_0-	2526_0-	387_0-	2320_0-	3671_0+	1081_1+	3602_0+	1081_4+	3636_0+	1081_5+	1146_1+	1140_0+	1141_2+	723_0+	724_0+	3261_0+	1090_1+	455_0+	638_0+	3063_0+	639_0+	640_0+	3064_0+	1057_0+	623_0+	3036_0+	624_0+	3037_0+	625_0+	3038_0+	626_0+	3039_0+	627_0+	3040_0+	628_0+	629_0+	3045_0+	1176_17+	1177_7+	635_0+	3061_0+	636_0+	3062_0+	637_0+	454_0+	703_0+	3217_0+	706_0-	1141_0-	3071_0-	643_0+	3073_0+	644_0+	3074_0+	645_0+	3075_0+	646_0+	647_0+	3076_0+	648_0+	3077_0+	649_0+	650_0+	3078_0+	1993_0-	141_0-	140_0-	139_0-	1988_0-	1027_0+	709_0-	1062_5-	1929_0-	112_0-	111_0-	1927_0-	110_0-	1926_0-	109_0-	1925_0-	108_0-	1027_4-	1027_2+	127_0+	2590_0-	421_0-	420_0-	2586_0-	419_0-	1166_5+	3029_1+	622_0+	3033_0+	2904_0-	568_0-	1131_0+	567_0-	2903_0-	566_0-	1435_0-	1988_1-	138_0-	1987_0-	137_0-	1984_0+	1096_87+	1885_0-	96_0-	1884_0-	95_0-	1881_0+	1096_88+	3894_0+	986_0+	3901_0+	1981_0+	1115_4+	1116_0+	3166_0-	679_0+	3170_0+	2361_0-	307_0+	2362_0+	308_0+	2363_0+	309_0+	2364_0+	310_0+	3790_0-	931_0+	3792_0+	1143_10+	1635_0-	1127_0-	1638_0-	1127_14-	3012_0-	616_0+	3014_0+	617_0+	3015_0+	1096_109+	1097_2+	1098_76+	1099_4+	1100_9+	209_0-	2116_0+	1194_0+	1514_0+	44_0+	1746_0+	45_0+	1751_0+	2117_0+	210_0+	211_0+	2119_0+	2512_0-	377_0-	1062_0-	1061_0-	3816_0+	1028_2+	1029_5+	3817_1-	937_0+	3819_0+	938_0+	939_0+	1358_0-	3020_1-	619_0-	3019_0-	618_0-	3017_0+	1036_15+	3257_2-	722_0-	1607_0-	1127_10-	1126_0-	3249_0-	721_0-	3248_0-	719_0-	3247_0-	718_0-	717_0-	3242_0+	1104_0-	963_0-	3864_0-	962_0-	1070_0+	1071_0+	960_0-	3863_0-	959_0-	3862_0-	958_0-	257_0-	2258_0-	256_0-	2256_0+	1100_13-	1099_0-	1098_80-	514_0-	2799_0+	1100_41-	1099_52-	1098_29-	1097_49-	1096_44-	3035_2-	1100_32-	1099_61-	1098_20-	1097_58-	1096_53-	3112_0-	2330_0-	295_0-	294_0-	2327_0+	924_0+	3785_0+	293_0-	2326_0+	1121_8+	1122_4+	1123_11+	712_0-	3233_1-	711_0-	3230_0+	929_0-	3789_0-	928_0-	3788_0-	927_0-	3787_0-	926_0-	3786_0-	925_0-	924_1-	923_0-	1088_1-	1980_0-	1088_0-	2819_0-	1044_0-	2533_0-	392_0+	2534_0+	393_0+	2535_0+	394_0+	2536_0+	395_0+	2537_0+	396_0+	2538_0+	397_0+	2540_0+	3630_0-	877_0-	3628_0-	876_0-	875_0-	1517_0-	1112_0-	873_0-	2529_0-	391_0-	390_0-	2528_0-	389_0-	2527_0+	1121_7+	1122_5+	1123_10+	953_0-	3626_0-	872_0-	1159_1-	3852_0-	952_0+	3637_0+	1096_32+	1097_56+	1098_22+	1099_59+	1100_34+	3282_0+	1096_93+	1097_18+	1098_60+	1099_20+	1100_73+	3284_0-	728_0+	3285_0+	729_0+	3286_0+	730_0+	731_0+	3289_0+	3803_0-	933_0-	932_0-	3802_0+	1152_4-	1151_13-	1150_10-	3801_0-	1152_9-	1151_14-	1150_9-	3938_0-	2307_0-	281_0-	2306_0-	280_0-	2302_0+	2578_0-	415_0-	414_0-	171_0-	2572_0-	413_0-	2571_0-	412_0-	2570_0-	411_0-	2569_0-	3351_0+	1096_64+	1097_32+	1098_46+	1099_35+	1100_58+	3268_0+	1096_101+	1097_10+	1098_68+	1099_12+	1100_1+	3184_1+	1096_97+	1097_14+	1098_64+	1099_16+	1100_77+	1096_69-	3420_1-	1096_68-	1900_0-	1096_62-	2462_0-	1096_60-	2550_0-	1096_59-	3224_0-	1096_57-	2797_0-	1096_52-	2901_0-	1096_17-	3829_0-	1096_14-	3812_1-	1096_13-	3800_0-	2559_0+	1096_102+	1097_9+	1098_69+	1099_11+	1100_2+	2522_0+	1096_28+	1097_45+	1098_33+	1099_48+	1100_45+	2267_0+	1096_130+	1097_61+	1098_17+	1099_64+	1100_29+	2126_0+	1096_128+	1097_63+	1098_15+	1099_66+	1100_27+	1911_0-	104_0+	1920_0+	1096_84+	1097_33+	1098_45+	1099_36+	1100_57+	3356_0+	1058_6+	1059_1+	3303_0+	1058_9+	1059_2+	3116_0+	1058_11+	1059_4+	3318_0+	1058_5+	3950_0+	1096_1+	1097_19+	1098_59+	1099_21+	1100_72+	2660_0+	1096_119+	1097_72+	1098_6+	1099_75+	1100_18+	3843_0+	1096_10+	1097_15+	1098_63+	1099_17+	2609_0+	1096_50+	1097_53+	1098_25+	1099_56+	1100_37+	
1100_0-	1099_13-	1098_67-	1097_11-	1096_100-	2766_0-	1100_70-	1099_23-	1098_57-	1097_21-	1096_7-	3887_0-	3881_0-	973_0+	3890_0+	974_0+	975_0+	3892_0+	976_0+	3893_0+	3891_0+	1066_0+	3175_0-	680_0+	1213_0-	2129_0-	212_0-	2123_0+	3925_1-	1007_0-	3924_0-	1006_0-	1073_0-	1005_0-	1004_0-	3922_0+	1029_2-	1028_1-	3921_0-	3059_1-	634_0-	3056_0+	1144_6-	1143_17-	2895_0-	2900_0-	565_0-	564_0-	2897_0-	563_0-	1584_0-	2880_0-	557_0-	556_0-	2878_0+	1100_78-	1099_15-	1098_65-	1097_13-	1096_98-	2875_0-	
1164_0+	173_0+	2053_0+	174_0+	170_0+	171_1+	172_0+	1069_0-	1068_0-	2052_0+	1184_1+	1510_0+	3411_0-	767_0+	1135_0+	94_0+	1875_0+	1873_0+	93_0+	768_0+	3412_0+	769_0+	3413_0+	1058_12+	1059_3+	351_0-	2449_0+	2452_0+	352_0+	2453_0+	353_0+	789_0+	3457_0+	790_0+	3458_0+	791_0+	3463_0+	1081_7-	2145_0-	1766_0+	1081_8+	1082_0+	1899_0-	101_0+	1902_0+	102_0+	1903_0+	103_0+	1910_0+	704_0+	1125_0-	3218_0-	705_0-	2_0-	956_0-	3861_0+	1259_0+	1024_0+	3964_0+	1025_0+	1_0+	2_1+	1640_0+	957_0+	868_0-	3613_0-	3619_0-	869_0+	3623_0+	2467_0-	357_0+	2468_0+	358_0+	359_0+	2471_0+	3555_0-	835_0-	834_0-	3441_0-	781_0-	3438_0-	780_0-	3437_0-	779_0-	3436_0-	778_0-	1089_0+	777_0-	3435_0-	776_0-	3434_0+	1058_4+	3432_0-	775_0-	774_0-	3425_0-	773_0-	3424_0-	772_0-	3423_0-	771_0-	3422_0-	770_0-	3421_0+	1100_19-	1099_74-	1098_7-	1097_71-	1096_58-	3420_0-	1100_47-	1099_46-	1098_35-	1097_43-	1096_40-	3431_0-	3542_0-	823_0+	1096_36+	1097_36+	1098_42+	1099_39+	1100_54+	1854_0-	84_0+	1856_0+	85_0+	1858_0+	86_0+	1860_0+	504_0+	2774_0+	505_0+	2775_0+	506_0+	199_0+	2087_0+	200_0+	1173_0-	201_0+	2090_0+	1857_0+	1182_0+	1509_0+	350_0+	2444_0+	2320_1-	285_0-	2319_0-	284_0-	2318_0+	2814_0-	517_0+	1109_0+	518_0+	107_0-	1027_5-	1026_0-	2816_0-	519_0-	1043_0-	867_0-	866_0-	1924_0-	106_0-	1923_0-	105_0+	1036_10-	2055_0-	1177_23-	1176_16-	2056_0-	177_0-	176_0-	1094_0+	175_0-	2071_1-	191_0-	190_0-	2069_0-	189_0-	1164_2-	1058_1-	3708_0-	897_0+	230_0-	1164_3-	1492_0+	897_1+	229_0-	2180_0-	228_0-	1513_0-	1186_0-	2178_0-	227_0-	2177_0-	226_0-	2176_0-	225_0-	2175_0-	224_0-	2171_0+	3715_1-	901_0-	900_0-	899_0-	3712_1-	898_0-	893_0-	892_0-	961_0-	1159_0-	1158_0-	1096_81-	2491_0-	368_0-	2484_0-	367_0-	2483_0-	366_0-	2482_0-	1768_0+	1096_91+	2609_1+	1096_99+	2303_0+	1096_117+	3365_0+	1096_125+	1100_71-	1099_22-	1098_58-	1097_20-	1096_5-	1100_67-	1099_26-	1098_54-	1097_24-	1096_6-	1100_68-	1099_25-	1098_55-	1097_23-	1096_8-	1100_66-	1099_27-	1098_53-	1097_25-	1096_9-	1100_65-	1099_28-	1098_52-	1097_26-	1096_11-	1100_63-	1099_30-	1098_51-	1097_27-	1096_12-	1100_60-	1099_33-	1098_48-	1097_30-	1096_15-	1100_56-	1099_37-	1098_44-	1097_34-	1096_23-	1100_51-	1099_42-	1098_39-	1097_39-	1096_24-	1100_49-	1099_44-	1098_37-	1097_41-	1096_26-	1100_48-	1099_45-	1098_36-	1097_42-	1096_27-	1100_24-	1099_69-	1098_12-	1097_66-	1096_29-	1100_10-	1099_3-	1098_77-	1097_1-	1096_30-	1100_53-	1099_40-	1098_41-	1097_37-	1096_33-	1100_44-	1099_49-	1098_32-	1097_46-	1096_35-	1100_42-	1099_51-	1098_30-	1097_48-	1096_39-	1100_39-	1099_54-	1098_27-	1097_51-	1096_42-	1100_15-	1099_78-	1098_3-	1097_75-	1096_49-	1100_3-	1099_10-	1098_70-	1097_8-	1096_103-	1100_5-	1099_8-	1098_72-	1097_6-	1096_105-	1100_8-	1099_5-	1098_75-	1097_3-	1096_108-	1100_11-	1099_2-	1098_78-	1097_0-	1096_111-	1100_22-	1099_71-	1098_10-	1097_68-	1096_123-	1099_1-	1098_79-	1100_64-	1099_29-	1098_81-	1100_59-	1099_34-	1098_47-	1097_31-	1096_20-	3184_0-	1164_1+	220_0+	2168_1+	2168_0+	221_0+	2169_0+	222_0+	2170_0+	223_0+	3054_0+	632_0+	633_0+	1200_0-	1156_0-	1155_0-	3493_0-	807_0-	3489_0-	806_0-	1154_2+	2991_0+	606_0+	607_0+	2993_0+	2894_0-	562_0-	561_0-	2887_0-	560_0-	1157_0-	1156_1-	
3151_0-	675_0+	3153_0+	676_0+	3154_0+	677_0+	3156_1+	2342_0-	301_0+	2344_0+	302_0+	303_0+	2347_0+	860_0-	3596_0+	3598_0+	861_0+	3605_0+	458_0-	2653_0-	457_0-	2652_0-	1126_1+	1127_9+	1603_0+	3163_0-	678_0-	1210_0-	34_0-	1730_0+	3900_0-	985_0-	3899_0-	984_0-	3898_0-	983_0-	1110_0-	982_0-	1035_0-	1689_0-	18_0+	1696_0+	2193_0-	233_0+	2199_0+	234_0+	1111_0-	235_0+	236_0+	1121_11+	1122_1+	1123_14+	540_1-	539_0-	2852_0-	538_0-	2851_0-	537_0-	2850_0-	536_0-	2848_0+	1122_13+	1123_2+	167_0+	540_0+	168_0+	2051_0+	169_0+	1672_0-	14_0-	1670_0-	13_0-	1665_0+	2260_0+	259_0+	260_0+	2265_0+	1275_0+	153_0+	2033_0+	154_0+	155_0+	1038_0-	156_0+	157_0+	1257_0+	1012_0+	914_1+	1132_3+	1133_0+	1250_0+	910_0+	3748_0+	911_0+	3749_0+	912_0+	3750_0+	913_0+	914_0+	1132_2+	1133_1+	3742_0+	1102_6+	1103_6+	3765_0-	916_0+	3767_0+	2673_0-	466_0-	1167_0-	465_0-	2667_0-	464_0-	2666_0-	463_0-	2663_0+	1711_0-	23_0-	1708_0-	22_0-	472_0-	2693_0-	471_0-	2692_0-	470_0-	2691_0+	1144_0-	1143_18-	2612_0-	2616_0-	440_0-	2614_0-	439_0-	1563_0-	3654_0-	884_0-	883_0-	3653_0-	882_0-	3652_0-	881_0-	3651_0-	880_0-	3650_1-	1058_10-	3299_0-	1058_8-	3386_0-	1058_3-	3440_0-	1058_0-	3879_0-	3695_0+	1058_2+	1059_0+	3696_0-	894_0+	914_3+	1132_4+	1051_1+	510_0+	2787_0+	511_0+	2788_0+	512_0+	513_0+	2791_0+	710_0-	914_2+	915_0+	3759_0+	1866_0-	88_0-	1861_0-	87_0-	1859_0-	30_0-	1724_0+	2973_0-	595_0+	2975_0+	596_0+	2976_0+	597_0+	2977_0+	598_0+	2978_0+	599_0+	2979_0+	600_0+	2980_0+	601_0+	2981_0+	602_0+	2982_0+	603_0+	2983_0+	1143_8+	1344_0+	808_0+	3499_0+	809_0+	3504_0+	452_0-	2648_0-	451_0-	2647_0+	3529_0-	818_0+	819_0+	3531_0+	820_0+	3532_0+	821_0+	3533_0+	822_0+	3538_0+	1176_26-	1791_0-	61_0+	1792_0+	62_0+	2641_1-	245_0-	2219_0+	2222_0+	246_0+	1075_0+	247_0+	2223_0+	248_0+	2230_0+	1096_107+	1097_4+	1098_74+	1099_6+	1100_7+	1807_0-	72_0+	1808_1+	73_0+	1809_0+	74_0+	1810_0+	75_0+	1811_0+	90_0-	1114_1-	67_0+	1803_0+	68_0+	69_0+	1804_0+	70_0+	1093_0+	71_0+	1805_0+	1801_0+	1119_0+	1120_0+	158_0+	159_0+	160_0+	2034_1+	490_0-	2740_0-	489_0-	1051_2-	1050_0-	2739_0-	488_0-	2737_0-	487_0-	2736_0+	1144_4-	1143_19-	2516_0-	1177_24-	1176_18-	3514_0-	1177_1-	1176_33-	3656_0-	1177_21-	1176_12-	3693_0-	1177_11-	1176_9-	3711_1-	1177_13-	1176_5-	3794_0-	3928_0+	1011_0+	1507_0-	1142_0+	231_0+	232_0+	2191_0+	1176_20+	1177_25+	1176_32-	3592_0-	1176_29-	2613_0-	1176_24-	2896_0-	3942_0+	1176_1+	1177_15+	3880_0+	1176_3+	1177_16+	3733_0+	1176_6+	1177_18+	3728_0+	1176_7+	1177_12+	3711_0+	1176_10+	1177_20+	3697_0+	1176_11+	1177_10+	2517_0+	1176_21+	1177_5+	2105_0-	205_0+	206_0+	2109_0+	1176_25+	447_0-	509_0-	2786_0-	508_0-	2785_0-	507_0-	2783_0+	3335_0-	746_0+	3337_0+	747_0+	3338_0+	749_0+	750_0+	3339_0+	751_0+	3343_1+	3398_1-	763_0-	3397_0+	2134_0-	213_0+	214_0+	2138_0+	2654_0+	459_0+	2655_0+	460_0+	3563_0-	843_0-	842_0-	3562_0-	841_0-	3561_1-	844_0-	843_1-	461_0+	845_0+	3564_0+	846_0+	3565_0+	1090_2+	425_0+	462_0+	2662_0+	3706_0-	896_0-	3698_0-	895_0-	355_0+	401_0-	2552_0+	2553_0+	402_0+	2554_0+	403_0+	2556_0+	2555_0+	404_0+	187_0-	2065_0-	186_0-	1084_0-	185_0-	2064_0-	2115_0-	207_0+	208_0+	3003_0-	612_0-	3000_1+	3407_0+	1096_114+	1097_77+	1098_1+	1099_80+	1100_12+	3311_0+	1096_34+	1097_74+	1098_4+	1099_77+	1100_16+	3296_0-	732_0+	3298_0+	733_0+	1095_0+	1096_116+	3004_0-	613_0+	3006_0+	614_0+	3007_0+	615_0+	3010_0+	907_0+	908_0+	965_0-	1106_0-	24_0+	1714_0+	25_0+	383_0+	384_0+	3608_0+	863_0+	864_0+	1123_7-	1122_8-	1121_4-	2949_0-	586_0-	2948_0-	585_0-	584_0-	2946_0+	1773_0-	54_0-	2950_0-	1035_9+	994_0+	1035_7+	1072_0+	1034_0+	1035_5+	1092_0+	922_0-	1076_0+	491_0+	492_0+	2741_0+	493_0+	494_0+	2742_0+	495_0+	2743_0+	1077_0+	1078_0+	921_0-	3783_0+	3781_0+	1096_18+	3452_0+	1096_31+	2388_0+	1096_47+	3244_0+	1096_67+	2944_0+	1096_71+	1100_36-	1099_57-	1098_24-	1097_54-	1096_43-	3035_1-	1013_0-	1361_0-	3943_0+	1014_0+	3944_0+	1015_0+	1136_0-	1016_0+	3945_0+	1017_0+	3946_0+	1018_0+	3947_0+	1019_0+	1020_0+	520_0+	1021_0+	1258_0-	3951_0+	1150_1+	1081_6-	1830_0-	3962_0+	1150_0+	1081_9-	3620_0-	1152_1-	1151_7-	3565_1+	847_0+	3569_0+	2610_0+	1150_11+	1151_11+	1985_0+	1150_4+	1151_19+	1152_6+	1833_0+	1150_8+	1151_15+	1152_5+	3958_0+	1102_0+	1189_2-	1188_2-	1834_0-	80_0+	81_0+	1371_0-	1179_1-	1178_0-	1837_0+	1176_30+	1177_2+	1794_0+	1176_15+	1177_8+	3649_0-	879_0+	3650_0+	2599_0-	432_0+	2600_0+	433_0+	2601_0+	434_0+	2602_0+	435_0+	2603_0+	436_0+	437_0+	438_0+	2606_0+	1115_3+	1116_2+	1188_0-	2611_0-	1935_0-	113_0+	1168_0-	114_0+	1938_0+	115_0+	1943_0+	1100_25-	1099_68-	1098_13-	1097_65-	1096_126-	2340_0-	300_0-	299_0-	2332_0-	298_0-	385_0-	1123_15-	1122_0-	1100_35-	1099_58-	1098_23-	1097_55-	1096_46-	1649_0-	1100_38-	1099_55-	1098_26-	1097_52-	1096_45-	1662_0-	1100_74-	1099_19-	1098_61-	1097_17-	1096_0-	3961_0-	2196_0+	1096_89+	2393_0+	1096_94+	1844_0+	1096_112+	3035_0+	1096_120+	1100_62-	1099_31-	1098_50-	1097_28-	1096_16-	3812_0-	3772_0+	919_0+	3774_0+	3768_0-	917_0+	3771_0+	918_0+	3773_0+	920_0+	3777_0+	3066_0-	641_0+	642_0+	1596_0-	2504_0+	1036_14+	1037_5+	3923_0+	1036_1+	2904_1+	569_0+	2905_0+	570_0+	571_0+	572_0+	2908_0+	1144_1-	1143_14-	3117_0-	664_0-	663_1-	663_0-	3115_0-	662_0-	3114_0+	1152_10-	1151_12-	1150_14-	3113_0-	662_1+	1152_8-	1151_20-	1150_3-	2147_1-	1151_17-	1150_6-	2624_0-	1151_22-	1150_2-	2661_0-	1152_7-	1151_16-	1150_7-	3084_0-	1152_3-	1151_18-	1150_5-	3312_0-	3321_0-	743_0-	742_0-	1108_0-	741_0-	3317_0-	740_0-	3316_0-	739_0-	3315_0-	738_0-	3314_0-	737_0-	1223_0-	1037_7-	1036_0-	3932_0-	3608_1-	862_0-	3607_0+	1037_2-	1036_12-	3541_0-	2591_0+	1036_8+	3668_0+	1036_7+	1037_3+	3364_0-	757_0+	3368_1+	
3561_0-	840_0-	3560_0-	839_0-	3559_0-	838_0-	3558_0-	837_0-	836_0-	3557_0+	124_0-	1027_3-	1026_1-	2060_0+	125_0+	126_0+	1967_0+	1961_0+	182_0+	2062_0+	183_0+	2063_0+	184_0+	2064_1+	2077_0-	198_0-	2075_0-	197_0-	2074_0-	1893_0-	97_0+	1894_1+	1780_0-	58_0+	1782_0+	59_0+	60_0+	1786_0+	1118_0-	237_0+	992_0-	991_0-	3913_0-	990_0-	3912_0-	989_0-	3911_0-	988_0-	1035_1-	1816_0-	76_0+	1820_0+	77_0+	1821_0+	78_0+	1822_0+	79_0+	1824_0+	1817_0+	1096_48+	1097_57+	1098_21+	1099_60+	1100_33+	2021_0-	152_0+	2026_0+	2061_0-	181_0-	2059_0-	180_0-	2058_0-	3571_0+	1028_9+	1029_6+	3573_0-	848_0+	3575_0+	849_0+	1085_0+	474_0+	475_0+	496_0+	2746_0+	1035_4+	1091_0+	473_0+	1031_0+	406_0-	405_0-	2557_0-	2696_0-	477_0-	476_0-	1105_0-	2057_0-	179_0-	178_0-	2308_0-	282_0+	2309_0+	283_0+	2314_0+	2313_0+	1096_54+	2008_0+	1096_56+	2221_0+	1096_72+	3199_0+	1096_73+	3452_1+	1096_74+	2749_0+	1096_75+	2576_0+	1096_76+	2126_1+	1096_78+	1100_21-	1099_72-	1098_9-	1097_69-	1096_122-	2912_0-	1100_55-	1099_38-	1098_43-	1097_35-	1096_19-	3662_0-	1894_0+	98_0+	1895_0+	99_0+	1896_0+	100_0+	1897_0+	1846_0-	82_0+	83_0+	1851_0+	1096_121+	1097_70+	1098_8+	1099_73+	1100_20+	1177_22-	1176_14-	3669_0-	886_0-	3663_0-	885_0-	2016_1-	149_0-	2015_0-	148_0-	1027_1-	3705_0+	1096_25+	1097_40+	1098_38+	1099_43+	1100_50+	1908_0+	1096_115+	1097_76+	1098_2+	1099_79+	1100_14+	1799_0+	1096_127+	1097_64+	1098_14+	1099_67+	1100_26+	1800_0-	65_0+	66_0+	2457_0-	354_0-	2454_0+	2458_0+	128_0+	1968_0+	129_0+	1969_0+	130_0+	131_0+	1972_0+	3553_0-	833_0-	832_0-	3552_0-	831_0-	830_0-	3551_0-	829_0-	1060_0-	828_0-	3548_0+	
3625_0+	1121_2+	1122_14+	1123_1+	2034_0+	161_0+	2035_0+	162_0+	1107_0+	163_0+	2036_0+	164_0+	291_0+	2325_0+	292_0+	1123_5-	1122_10-	1121_1-	3853_0-	954_0+	955_0+	3854_0+	3029_0-	621_0-	3025_0+	3305_0-	736_0-	735_0-	3302_0-	734_0-	934_0-	3803_1-	348_0+	2440_0+	797_0+	3475_0+	798_0+	3478_0+	3477_0+	1166_6+	1765_0+	1166_11+	1166_10-	1165_0-	2101_0-	204_0-	2097_0-	203_0-	2096_0-	202_0-	2095_0+	1123_4-	1122_11-	1121_0-	3910_0-	987_0-	805_0-	3488_0-	804_0-	3487_0-	803_0-	3486_0-	802_0-	3485_0-	801_0-	3484_0-	800_0-	1137_0-	799_0-	3482_0+	2524_0+	382_0+	28_0+	526_0-	2831_0-	525_0-	2830_0-	524_0-	1123_3-	1122_12-	1121_3-	3612_0-	527_0+	2833_1+	333_0-	2413_0-	332_0-	2412_0-	2406_0-	327_0+	2408_0+	328_0+	2409_0+	329_0+	2410_0+	331_0+	2411_0+	1041_0+	334_0+	2414_0+	335_0+	429_0-	2416_0-	1090_0+	430_0+	930_0+	1515_0-	388_0+	1123_13-	1122_2-	1121_10-	2322_0-	2828_0-	523_0+	2829_0+	1121_5+	1122_7+	1123_8+	1124_0+	289_0+	2323_0+	290_0+	2324_0+	1121_9+	1122_3+	1123_12+	587_0+	2951_0+	588_0+	2952_0+	589_0+	2953_0+	590_0+	2954_0+	591_0+	2955_0+	592_0+	2958_0+	317_0-	2375_0-	316_0-	1403_0-	2370_0-	315_0-	2368_0-	2415_0+	336_0+	2417_0+	337_0+	2420_0+	3177_0-	682_0-	681_0-	1456_0-	2922_0-	576_0-	2916_0-	575_0-	2915_0-	574_0-	2914_0-	573_0-	2909_0+	3108_0+	1048_0+	1033_0+	453_0+	3934_0+	1102_1+	1189_1-	3857_0+	1102_3+	1103_0+	3796_0+	1102_5+	1103_7+	3717_0+	1102_8+	1103_4+	3722_0-	902_0+	903_0+	3723_0+	904_0+	3724_1+	905_0+	3725_0+	906_0+	3726_0+	2932_0-	578_0+	2933_0+	579_0+	2934_1+	1605_0+	691_0-	690_0-	3192_0-	689_0-	3191_0-	688_0-	3190_0-	687_0-	3189_0-	2868_1-	554_0-	2867_0-	553_0-	552_0-	1197_0-	1196_1-	3188_0-	686_0+	123_0-	1960_0-	122_0-	121_0-	1959_0-	120_0-	1032_0-	1957_0-	1953_0-	117_0+	1956_0+	118_0+	1958_0+	119_0+	2431_0-	344_0-	2425_0-	343_0-	341_0-	340_0-	342_0-	1062_4-	2424_0-	340_1-	339_0-	2423_0-	338_0-	2422_0+	3610_1-	865_0-	3609_2+	
