22_0+	492_0-	2619_0-	491_0-	2618_0-	490_0-	2617_0-	489_0-	985_7-	
25_0+	1543_0+	26_0+	
29_0-	820_0-	3465_0-	819_0-	3464_0+	
50_0+	1584_0+	207_0+	1965_0+	208_0+	1966_0+	209_0+	
63_0-	967_1-	3520_0-	835_0+	3522_0+	
64_0+	1614_0+	65_0+	1027_0-	67_0+	1615_0+	
66_0-	1036_8-	
83_0-	1036_4-	
100_0-	1710_0+	
101_0+	815_0+	1033_0+	1034_0+	257_0+	2080_0+	258_0+	
112_0-	1743_0-	111_0-	1742_0-	110_0-	1019_0-	109_0-	1741_0+	
113_0+	643_0-	1029_4-	1028_1-	855_0-	841_0-	3537_0+	
122_0-	1766_0+	
131_0+	1795_0+	
159_0-	1844_0+	
170_0-	1868_0-	
181_0-	1908_0+	1044_162+	1045_9+	1046_64+	1047_10+	1048_63+	
191_0+	1036_10-	
243_0-	2054_0+	1068_10+	1069_5+	1070_9+	
245_0-	1025_0-	
259_0-	1005_0-	179_0+	1901_0+	180_0+	1907_0+	
264_0+	2086_0+	
272_0+	273_0+	2117_0+	274_0+	2118_0+	275_0+	2119_0+	276_0+	2120_0+	
311_0-	2212_0+	
312_0+	2216_0+	
351_0-	1079_5-	1078_3-	
366_0-	908_0-	907_0-	909_0-	3707_0-	
367_0+	2310_0+	
368_0-	2311_0+	1044_79+	
369_0+	2316_0+	
393_0+	867_0+	3624_0+	868_0+	3626_0+	
394_0+	2364_0+	395_0+	1044_170+	
397_0-	206_0+	3728_0-	
406_0+	2396_0+	
408_0-	476_0-	2403_0-	
412_0-	2425_0+	
420_0+	793_0-	792_1-	2430_0-	c	
421_0+	2432_0+	
443_0-	965_0+	966_0+	
449_0+	2506_0+	450_0+	694_0+	3148_0+	695_0+	3149_0+	696_0+	3153_0+	
471_0+	472_0+	2565_0+	473_0+	2569_0+	
475_0-	2573_0-	
486_0+	949_0+	487_0+	2609_0+	
488_0-	2616_0+	
493_0+	2620_0+	
498_0+	2624_0+	499_0+	2626_0+	
518_0+	2655_0+	519_0+	2656_0+	520_0+	2658_0+	
529_0+	530_0+	2672_0+	1037_27+	
547_0-	985_10-	
555_0+	2736_0+	556_0+	2737_0+	557_0+	2738_0+	
581_0-	2810_0+	1044_78+	
594_0-	1010_0-	1009_0-	1008_1-	
600_0+	2857_0+	
614_0-	2884_0+	
616_0-	985_11-	984_0-	
617_0-	2888_0-	
627_1+	2921_0+	
644_0+	3013_0+	
652_0+	3036_1+	
662_0+	3047_0+	663_0+	
666_0+	985_8-	
743_0+	3305_0+	744_0+	3309_0+	
775_0+	776_0+	777_0+	955_0+	778_0+	779_0+	3385_0+	780_0+	3387_0+	
794_0+	3408_0+	795_0+	416_0+	417_0+	2428_0+	418_0+	2429_0+	419_0+	3407_1-	
812_0-	3452_0+	
813_0-	20_0-	1535_0-	19_0-	1534_0+	
824_0+	825_0+	3469_0+	826_0+	3470_0+	827_0+	3471_0+	
829_0-	3490_0+	
844_0+	845_0+	355_0+	2283_0+	356_0+	2290_0+	
855_1+	1028_0+	1095_1+	1299_0+	
857_0+	3600_0+	1030_10+	1031_3+	
862_0-	1064_0+	
863_0+	864_1+	865_0+	3623_0+	866_0+	
873_0+	3641_0+	874_0+	3642_1+	
886_0-	3668_0+	
888_0+	3671_0+	
896_0-	3682_0-	
901_0+	3697_0+	1026_1+	
912_0+	3710_0+	913_0+	3711_0+	914_0+	3712_0+	915_0+	905_0+	3706_0+	906_0+	3708_0+	910_0+	911_0+	1024_0+	
924_0+	925_0+	972_0+	927_0+	3729_0+	928_0+	3730_0+	929_0+	3731_0+	
950_0+	3759_0+	951_0+	3760_0+	
967_2-	3673_0-	
977_0+	978_0+	979_0+	980_0+	981_0+	
982_1-	1814_0-	
982_2-	2058_0-	
982_7-	3550_0-	
982_9-	3733_0-	930_0+	1039_0+	931_0+	3737_0+	932_0+	3738_0+	933_0+	3739_0+	934_0+	3740_0+	
982_10-	1598_0-	56_0+	1603_0+	57_0+	1604_0+	58_0+	2405_0-	409_0-	59_0+	1606_0+	
982_11-	2270_0-	
982_12-	3645_0-	
982_13-	3565_0-	
982_15-	3331_0-	
982_16-	2526_0-	456_0+	2531_0+	457_0+	2532_0+	
985_0+	515_0+	516_0+	517_0+	1044_175+	
985_3+	523_0+	2661_0+	524_0+	2662_0+	525_0+	2663_0+	526_0+	2664_0+	527_0+	2665_0+	
985_5+	508_0+	2650_0+	509_0+	2651_0+	510_0+	2652_0+	511_0+	2653_0+	512_0+	2654_0+	513_0+	514_0+	1003_0+	1004_0+	
985_9+	528_0+	2666_0+	
985_12+	494_0+	2621_0+	495_0+	2622_0+	
985_15+	558_0+	2740_0+	
985_16+	593_0+	2845_0+	
985_17+	496_0+	2623_0+	497_0+	992_0-	
984_1+	985_6+	618_0+	619_0+	2889_0+	620_0+	2890_0+	621_0+	2895_0+	
984_2+	985_13+	574_0+	2775_0+	
984_3+	985_1+	551_0+	2729_0+	552_0+	2730_0+	553_0+	
984_4+	985_14+	503_0+	2637_1+	504_0+	2638_0+	505_0+	926_0-	128_0-	1041_0-	1040_0-	922_0-	1964_0-	
984_5+	985_4+	595_0+	2851_0+	
984_6+	985_2+	234_0+	2035_0+	235_0+	2036_0+	1044_142+	
986_0-	2593_0-	
986_2-	2815_0-	
986_3-	1487_0-	
994_0+	1098_2+	1099_3+	1456_0+	
1006_0+	1007_0+	1008_0+	
1018_0+	105_0+	1014_0-	1721_0-	107_0+	1725_0+	
1026_0-	3516_0-	
1026_2-	3564_0-	
1025_1+	160_0+	1850_0+	161_0+	1851_0+	162_0+	163_0+	1852_0+	164_0+	659_0+	660_0+	3041_1+	
1025_2+	254_0+	2078_0+	255_0+	902_0+	1021_0-	903_0+	1049_0+	904_0+	3703_0+	
1029_2-	1028_3-	
1028_2+	1029_3+	1030_1+	
1028_5+	1029_0+	1030_0+	1031_8+	1032_3+	
1030_5-	3691_0-	
1030_12-	3629_0-	
1031_12+	1032_6+	
1031_13+	1032_4+	
1031_14+	1032_1+	
1031_16+	1032_2+	
1031_17+	1032_0+	
1035_0+	1036_11+	87_0+	1672_0+	88_0+	
1036_1+	102_0+	1711_0+	103_0+	
1036_5+	32_0+	1547_0+	34_0+	1549_0+	35_0+	1550_0+	36_0+	1553_0+	
1036_6+	9_0+	998_0-	3455_0-	817_0-	816_0-	3454_0+	1002_0+	171_0+	1870_0+	172_0+	1871_0+	
1035_1+	1036_9+	106_0+	1720_0+	
1035_2+	1036_3+	114_0+	1744_0+	115_0+	1747_0+	
1035_3+	1036_2+	116_0+	117_0+	1748_0+	118_0+	1749_0+	119_0+	1752_0+	
1035_4+	1036_0+	85_0+	1671_0+	86_0+	963_0+	
1035_5+	1036_7+	23_0+	1536_0+	
1037_0-	3743_0-	
1037_2-	3718_0-	917_0+	3724_0+	918_0+	3725_0+	
1037_3-	3696_0-	
1037_4-	3670_0-	
1037_7-	3611_0-	
1037_9-	1520_0-	
1037_10-	3589_0-	
1037_11-	3563_0-	850_0+	3573_0+	
1037_14-	3330_0-	
1037_16-	3515_0-	
1037_17-	1524_0-	
1037_22-	2057_0-	
1037_23-	2906_0-	
1037_24-	2983_0-	
1037_25-	2974_0-	
1037_26-	2455_0-	
1037_28-	2896_0-	
1044_0-	3713_0-	
1044_2-	3701_0-	
1044_6+	1045_2+	1046_71+	1047_3+	1048_70+	
1044_9+	1045_20+	1046_53+	1047_21+	1048_52+	
1044_10-	3555_0-	
1044_16+	1045_18+	1046_55+	1047_19+	1048_54+	
1044_18-	3539_0-	
1044_21-	3511_0-	
1044_30-	3368_0-	
1044_36+	1045_19+	1046_54+	1047_20+	1048_53+	
1044_37-	3292_0-	
1044_38-	3442_0-	
1044_46-	3306_0-	
1044_47-	2945_0-	
1044_50-	2891_0-	
1044_51-	2917_0-	
1044_52+	1045_28+	1046_45+	1047_29+	1048_44+	
1044_56-	2781_1-	
1044_58-	2520_0-	
1044_59-	2718_0-	
1044_60+	1045_32+	1046_41+	1047_33+	1048_40+	
1044_61-	2431_0-	
1044_63+	1045_42+	1046_31+	1047_43+	1048_30+	
1044_65-	2781_0-	
1044_67-	2165_0-	
1044_68-	3143_0-	
1044_73-	2945_1-	
1044_76-	2570_0-	474_0+	2573_1+	
1044_77-	2031_0-	
1044_80-	2431_1-	
1044_81-	2089_0-	
1044_83-	2104_1-	
1044_84-	1783_0-	
1044_86-	3007_0-	
1044_87+	1045_3+	1046_70+	1047_4+	1048_69+	
1044_89-	1802_0-	
1044_90-	3110_0-	
1044_91+	1045_66+	1046_7+	1047_67+	1048_6+	
1044_92-	2450_0-	
1044_93-	2318_0-	
1044_94-	1472_1-	
1044_95-	1639_0-	
1044_96-	3019_0-	
1044_97-	1530_0-	
1044_102-	2348_0-	
1044_104-	1679_0-	
1044_105-	1737_0-	
1044_108-	1819_0-	
1044_109-	1912_0-	
1044_110-	2406_1-	
1044_111-	1763_0-	
1044_112-	2144_0-	
1044_113-	2104_0-	
1044_114-	1561_0-	
1044_115-	1875_0-	
1044_116-	1855_0-	
1044_117-	2969_0-	
1044_118-	1693_0-	
1044_119-	1505_0-	
1044_120-	2731_0-	
1044_121-	2392_0-	
1044_125-	1503_0-	
1044_126-	2273_0-	
1044_127-	1486_2-	
1044_128-	2541_0-	
1044_130-	2902_0-	
1044_131-	2061_0-	
1044_132-	2555_0-	
1044_133-	3029_0-	
1044_134-	2232_0-	
1044_136-	1931_0-	
1044_137-	2385_0-	
1044_138-	3064_0-	
1044_139-	1609_0-	
1044_140-	1879_0-	
1044_141-	2592_0-	
1044_143-	1798_0-	
1044_145-	2140_0-	
1044_146-	1693_1-	
1044_149-	2406_0-	
1044_150-	1722_0-	
1044_152-	1573_0-	
1044_154-	3090_0-	
1044_156+	1045_45+	1046_28+	1047_46+	1048_27+	
1044_158-	1486_0-	
1044_161-	2885_0-	
1044_163-	702_0+	3173_0+	703_0+	3176_0+	
1044_166+	1045_33+	1046_40+	1047_34+	1048_39+	
1044_168-	1585_0-	
1044_169-	1627_0-	
1044_171-	135_0+	1811_0+	136_0+	1812_0+	
1044_172-	1472_0-	
1044_174-	1686_0-	
1044_176-	1651_0-	
1044_177-	3050_0-	
1044_178-	2876_0-	
1044_179-	2152_0-	286_0-	2151_0-	285_0-	2150_0+	
1046_73+	1047_1+	1048_72+	
1052_0+	805_0+	3423_0+	806_0+	3424_0+	
1058_0+	1059_1+	681_0+	3098_0+	
1059_0+	818_0+	3459_0+	
1059_2+	765_0+	
1061_1-	3745_0-	
1061_3-	3606_0-	
1061_6-	3567_0-	
1061_7-	3552_0-	
1061_11-	3450_0-	
1061_14-	3419_0-	
1061_16-	3360_0-	
1061_18-	3333_0-	
1061_19-	2986_0-	
1061_20-	1528_0-	
1061_22-	3314_0-	
1061_23-	1928_0-	186_0+	1929_0+	187_0+	1930_2+	188_0+	1934_0+	
1061_24-	2458_0-	
1061_25-	2675_0-	
1061_26-	2528_0-	
1061_27-	2924_0-	
1061_28-	1600_0-	
1061_29-	2908_0-	
1061_30-	2861_0-	601_0+	2864_0+	602_0+	2866_0+	603_0+	2867_0+	604_0+	2868_1+	
1061_32-	2060_0-	
1068_0+	668_0+	3056_0+	669_0+	3057_0+	670_0+	3058_0+	671_0+	3062_0+	
1068_2+	1069_13+	1070_11+	842_0+	3538_0+	843_0+	3542_0+	
1068_3+	1069_12+	
1068_7+	1069_8+	1070_1+	
1068_11+	1069_4+	1070_8+	846_0+	3548_0+	847_0+	3553_0+	
1068_12+	1069_3+	
1069_15+	1070_3+	
1072_0+	1073_1+	1132_0+	
1073_6+	1080_0+	
1073_8+	1141_0+	
1073_9+	1140_0+	
1073_10+	1139_0+	
1072_1+	1073_5+	1104_0+	
1072_2+	1073_11+	1142_0+	
1072_3+	1073_7+	1111_0+	895_0+	344_0+	2278_0+	1068_6+	1069_9+	1070_7+	836_0+	3523_0+	837_0+	3524_0+	
1072_4+	1073_4+	1147_0+	
1072_5+	1073_0+	1136_0+	
1072_6+	1073_3+	1148_0+	
1074_0+	1075_1+	1076_0+	
1077_0-	3772_0-	
1077_1-	3763_0-	
1077_2-	3747_0-	939_0+	855_2+	1028_4+	1029_1+	
1077_3-	3693_0-	
1077_4-	3678_0-	889_0+	2_0+	3_0+	1466_0+	4_0+	1469_0+	
1077_5-	3666_0-	
1077_6-	3658_0-	
1077_7-	3651_0-	
1077_8-	3634_0-	
1077_9-	3621_0-	861_0+	1066_0-	
1077_10-	3602_0-	
1077_11-	3588_0-	
1078_0+	1079_3+	335_0+	336_0+	2264_0+	337_0+	
1079_0+	313_0+	2217_0+	
1079_2+	267_0+	2100_0+	
1079_4+	284_0+	
1079_7+	280_0+	2133_0+	281_0+	2135_0+	
1078_1+	1079_6+	345_0+	346_0+	2279_0+	347_0+	2280_0+	348_0+	2281_0+	349_0+	350_1+	353_0+	2282_0+	253_0+	352_0+	
1081_1-	1527_0-	
1081_3-	1831_0-	
1081_28-	2860_0-	
1086_0-	755_0+	3329_0+	
1088_0+	533_0+	2684_0+	534_0+	2685_0+	535_0+	2690_0+	
1090_0+	894_0+	
1091_0-	1090_4-	
1090_1+	989_0+	877_0+	3652_0+	878_0+	3653_0+	879_0+	3654_0+	880_0+	1017_0+	881_0+	3655_0+	882_0+	3656_0+	1044_17+	1045_61+	1046_12+	1047_62+	1048_11+	
1090_2+	976_0+	444_0+	445_0+	2486_0+	446_0+	
1090_3+	919_0+	3726_0+	920_0+	3727_0+	921_0+	3728_1+	
1092_4-	3513_0-	
1092_5-	2915_0-	
1092_7-	2817_0-	
1092_8-	2218_0-	
1092_9-	2595_0-	
1092_10-	2070_0-	
1092_11-	1800_0-	
1094_0+	1095_0+	1323_0+	
1095_2+	1313_0+	
1096_0+	189_0+	1935_0+	190_0+	1936_1+	
1097_0+	1098_4+	
1098_0-	2916_0-	
1098_1-	1099_5+	1426_0+	
1098_3-	1099_4+	1342_0+	96_0+	1695_0+	97_0+	1696_0+	98_0+	1343_0-	1099_2-	1031_15-	
62_0-	1613_0+	
1022_0+	137_0+	1818_0+	
970_0-	747_0+	748_0+	3318_0+	
178_0-	1897_0+	
183_0+	1924_0+	184_0+	1925_0+	185_0+	1036_12-	
256_0+	2079_0+	
260_0+	2083_0+	261_0+	1068_15+	1069_1+	1070_5+	
300_0+	2185_0+	301_0+	2186_0+	302_0+	2187_0+	303_0+	2188_0+	304_0+	2189_0+	305_0+	306_0+	2192_0+	307_0+	2196_0+	
623_0+	2911_0+	624_0+	2912_1+	
954_0+	469_0+	470_0+	
954_1+	410_0+	2407_0+	
954_2+	389_0+	138_0+	1822_0+	139_0+	502_1+	1068_13+	1069_2+	1070_4+	838_0+	3525_0+	839_0+	3529_0+	
954_3+	477_0+	2578_0+	
954_4+	400_0+	2373_0+	
451_0+	2508_0+	452_0+	2511_0+	
996_0+	5_0+	375_0-	2328_0-	374_0-	2327_0-	373_0-	2326_0-	
962_0+	709_0+	3221_0+	710_0+	3222_0+	711_0+	3228_0+	
803_0+	767_0+	3377_1+	768_0+	3378_0+	769_0+	3379_0+	770_0+	3380_0+	771_0+	3381_0+	
814_0+	3453_0+	
821_0+	3466_0+	823_0+	887_0+	1068_9+	1069_6+	1070_0+	
1071_0+	52_0+	1042_0+	53_0+	1586_0+	
871_0+	1075_0+	1149_0+	872_0+	988_0-	987_0-	986_1-	1531_0-	
935_0+	3741_0+	936_0+	3742_0+	937_0+	938_0+	1327_0-	
1126_0+	807_0+	3430_0+	
1135_0+	851_0+	3580_0+	
1138_0+	869_0+	3631_0+	870_0+	
1151_0+	10_0+	1485_0+	11_0+	1489_0+	
1222_0+	396_0+	2370_0+	
1232_0+	448_0+	2499_0+	
1237_0+	463_0+	2552_0+	
1294_0+	745_0+	3316_0+	746_0+	3317_0+	749_0+	3319_0+	750_0+	3320_0+	751_0+	3322_0+	752_0+	3323_0+	753_0+	3324_0+	754_0+	1088_1-	1087_0-	2191_0-	
1331_0+	14_0+	1509_0+	
1338_0+	74_0+	1644_0+	75_0+	1649_0+	
1339_0+	76_0+	1044_157+	
1340_0+	91_0+	1683_0+	
1476_0-	6_0+	1477_0+	7_0+	
1486_1+	1044_153+	1045_46+	1046_27+	1047_47+	1048_26+	
1492_0-	12_0+	1495_0+	13_0+	1502_0+	
1511_0-	15_0+	31_0+	16_0+	1517_0+	17_0+	1518_0+	
1522_0+	1081_21+	1082_6+	
1523_0-	18_0+	1525_0+	
1526_0+	982_14+	983_3+	
1542_0-	24_0+	2116_0-	
1544_0+	27_0+	28_0+	
1546_0+	33_0+	1548_0+	
1557_0-	37_0+	1558_0+	38_0+	1559_0+	39_0+	1560_0+	40_0+	41_0+	1563_0+	
1569_0-	42_0+	1570_0+	43_0+	1571_0+	44_0+	1572_0+	45_0+	1574_0+	
1579_0-	46_0+	1582_0+	47_0+	1583_0+	48_0+	49_1+	1070_10-	1069_14-	1068_1-	
1588_0-	54_0+	1591_0+	55_0+	1595_0+	
1592_0+	1044_72+	1045_47+	1046_26+	1047_48+	1048_25+	
1592_1+	1044_155+	1045_70+	1046_3+	1047_71+	1048_2+	
1597_0+	1037_12+	1038_8+	
1599_0+	1081_2+	1082_24+	
1610_0-	60_0+	1612_0+	61_0+	2214_0-	
1619_0-	68_0+	1621_0+	69_0+	1622_0+	70_0+	1623_0+	71_0+	1624_0+	
1631_0-	72_0+	1632_0+	73_0+	1633_0+	
1657_0-	77_0+	1659_0+	78_0+	1660_0+	79_0+	1662_0+	80_0+	1663_0+	
1661_0+	468_0+	2564_0+	
1664_0-	81_0+	1670_0+	82_0+	1053_0-	84_0+	964_0+	
1673_0+	89_0+	1674_0+	90_0+	1677_0+	
1678_0+	1107_1+	1108_0+	
1687_0-	92_0+	1689_0+	93_0+	1690_0+	94_0+	1691_0+	95_0+	1692_0+	
1697_0+	1044_69+	1045_44+	1046_29+	1047_45+	1048_28+	
1702_0-	99_0+	1708_0+	
1712_0+	104_0+	1717_0+	
1730_0-	108_0+	1736_0+	
1756_0-	120_0+	1757_1+	
1757_0+	121_0+	1759_0+	
1768_0+	123_0+	1769_0+	124_0+	1773_0+	
1776_0-	125_0+	1782_0+	
1785_0-	126_0+	1787_0+	
1790_0+	1013_0+	130_0-	1789_0-	129_0-	1788_0-	
1799_0+	1030_8+	1031_7+	
1808_0-	133_0+	1023_0-	134_0+	1810_0+	
1835_0-	149_0+	1837_0+	
1836_0+	1110_0+	1464_0+	150_0+	1838_0+	151_0+	1839_0+	152_0+	1840_0+	153_0+	154_0+	956_0+	
1841_0+	155_0+	156_0+	1842_0+	157_0+	1843_0+	158_0+	
1853_0+	165_0+	1854_0+	166_0+	1859_0+	
1864_0-	167_0+	1867_0+	168_0+	169_0+	1869_0+	1001_0+	
1886_0-	176_0+	1889_0+	177_0+	1892_0+	
1916_0-	182_0+	1920_0+	
1927_0+	1081_14+	1082_13+	
1938_0-	192_0+	1941_0+	193_0+	1942_0+	194_0+	1943_0+	195_0+	196_0+	1944_0+	197_0+	1945_1+	
1948_0+	201_0+	1950_0+	202_0+	844_1-	3547_0+	
1949_0+	1101_0+	1461_0+	200_0-	1947_0-	199_0-	1946_0-	198_0-	1945_0-	
1951_0+	1044_103+	1045_54+	1046_19+	1047_55+	1048_18+	
1952_0-	203_0+	1956_0+	
1959_0+	1044_159+	1045_1+	1046_72+	1047_2+	1048_71+	
1962_0-	204_0+	1056_0-	205_0+	1963_0+	1068_14+	1069_0+	
1967_0+	210_0+	1968_0+	211_0+	1969_0+	212_0+	1971_0+	
1970_0+	1044_75+	1045_37+	1046_36+	1047_38+	1048_35+	
1973_0-	213_0+	1978_0+	
1983_0-	214_0+	1984_0+	215_0+	1055_0+	216_0+	
1985_0+	217_0+	218_0+	1986_0+	219_0+	1990_0+	
1987_0+	1044_66+	1045_69+	1046_4+	1047_70+	1048_3+	
1996_0-	220_0+	1998_0+	221_0+	2001_0+	
2005_0-	222_0+	2009_0+	223_0+	2010_0+	224_0+	2011_0+	225_0+	2012_0+	227_0+	2014_0+	
2013_0+	1044_122+	1045_31+	1046_42+	1047_32+	1048_41+	
2018_0-	228_0+	2022_0+	
2028_0-	229_0+	2029_0+	230_0+	
2043_0-	236_0+	2046_0+	237_0+	
2049_0-	238_0+	239_0+	2052_0+	240_0+	2053_0+	1103_0+	1462_0+	142_0+	143_1+	144_0+	145_0+	1825_0+	146_0+	1826_0+	147_0+	1827_0+	
2055_0+	244_0+	2056_0+	246_0+	2059_0+	1081_7+	1082_20+	
2063_0-	247_0+	2066_0+	248_0+	2067_0+	249_0+	2068_0+	
2069_0-	250_0+	251_0+	2071_0+	
2072_0-	252_0+	2077_0+	350_0+	353_1+	354_0+	
2082_0+	1068_8+	1069_7+	
2085_0+	864_0+	3622_0+	263_0-	2084_0-	262_0-	1079_1-	1078_2-	
2091_0-	265_0+	2092_0+	266_0+	2094_0+	
2093_0+	1044_99+	1045_58+	1046_15+	1047_59+	1048_14+	
2103_0-	268_0+	2105_0+	
2112_0-	269_0+	2114_0+	270_0+	2115_0+	271_0+	
2125_0-	277_0+	2127_0+	278_0+	2129_0+	
2130_0+	1044_85+	1045_72+	1046_1+	1047_73+	1048_1+	
2131_0-	279_0+	405_0-	2391_0-	404_0-	2390_0-	403_0-	2389_0-	402_0-	2386_0+	
2142_0-	282_0+	2143_0+	283_0+	2146_0+	
2149_0+	1044_64+	1045_67+	1046_6+	1047_68+	1048_5+	
2156_0-	287_0+	2163_0+	288_0+	1054_0-	289_0+	2164_0+	290_0+	2166_0+	
2168_0-	291_0+	2173_0+	292_0+	392_0-	293_0+	2175_0+	294_0+	295_0+	296_1+	297_0+	2179_0+	296_0+	2178_0+	298_0+	
2180_0+	299_0+	2184_0+	
2181_0+	1044_106+	1045_27+	1046_46+	1047_28+	1048_45+	
2200_0-	308_0+	2201_0+	309_0+	2202_0+	310_0+	2208_0+	
2203_0+	1105_0+	1106_0+	
2222_0-	314_0+	2226_0+	315_0+	2227_0+	316_0+	2228_0+	
2233_0-	317_0+	2234_0+	318_0+	2235_0+	319_0+	2236_0+	320_0+	2237_0+	321_0+	2238_0+	322_0+	2239_0+	323_0+	2240_0+	324_0+	2241_0+	325_0+	2242_0+	326_0+	2243_0+	327_0+	2245_0+	
2244_0+	1044_160+	1045_68+	1046_5+	1047_69+	1048_4+	
2249_0-	328_0+	1092_6+	
2257_0-	329_0+	2259_0+	330_0+	2260_1+	
2260_0+	331_0+	2261_0+	332_0+	2262_0+	333_0+	2263_0+	334_0+	991_0+	338_0+	2265_0+	339_0+	2266_0+	340_0+	2267_1+	
2267_0+	341_0+	1215_0-	
2268_0+	1037_21+	1038_7+	
2271_0+	1081_6+	1082_21+	
2276_0-	342_0+	2277_0+	343_0+	
2291_0-	357_0+	2292_0+	358_0+	2293_0+	359_0+	
2294_0+	360_0+	2295_0+	361_0+	2296_0+	362_0+	2297_0+	363_0+	2298_0+	364_0+	2299_0+	365_0+	2306_0+	
2315_0+	370_0+	2317_0+	371_0+	2319_0+	
2324_0-	372_0+	2326_1+	
2329_0+	376_0+	2330_0+	377_0+	2331_0+	378_0+	2332_0+	379_0+	2333_0+	380_0+	2334_0+	143_0+	381_0+	2335_0+	382_0+	2336_0+	
2341_0-	383_0+	2347_0+	
2350_0-	384_0+	2352_0+	385_0+	2353_0+	386_0+	2354_0+	
2358_0-	387_0+	2361_0+	388_0+	2362_0+	390_0+	2363_0+	391_0+	173_0+	1877_0+	174_0+	1878_0+	175_0+	1882_0+	
2371_0+	398_0+	2372_1+	399_0+	
2377_0-	401_0+	2383_0+	
2401_0-	407_0+	2402_0+	
2404_0+	580_0+	2809_0+	
2414_0-	411_0+	2418_0+	
2421_0+	1044_107+	1045_50+	1046_23+	1047_51+	1048_22+	
2427_0+	796_0+	797_0+	3410_0+	798_0+	799_0+	3411_0+	800_0+	3413_0+	
2438_0-	422_0+	2441_0+	423_0+	2442_0+	424_0+	2443_0+	425_0+	2444_0+	426_0+	2445_0+	427_0+	2446_0+	428_0+	429_0+	2448_0+	430_0+	2449_0+	431_0+	2453_0+	
2447_0+	999_0+	1000_0+	1150_0-	
2457_0+	1081_5+	1082_22+	
2460_0-	432_0+	2461_0+	433_0+	2462_0+	
2464_0-	434_0+	2470_0+	
2466_0+	982_0+	983_4+	
2471_0-	435_0+	2472_0+	436_0+	2473_0+	437_0+	2474_0+	438_0+	2475_0+	439_0+	2479_0+	
2481_0-	440_0+	2482_0+	441_0+	1063_0-	442_0+	2483_0+	
2487_0+	447_0+	2490_0+	
2488_0+	1044_57+	1045_40+	1046_33+	1047_41+	1048_32+	
2498_0+	1044_54+	1045_38+	1046_35+	1047_39+	1048_34+	
2503_0+	1081_4+	1082_23+	
2507_0+	1068_5+	1069_10+	1070_2+	853_0+	3586_0+	854_0+	855_3+	856_0+	3594_0+	
2509_0+	1044_71+	1045_7+	1046_66+	1047_8+	1048_65+	
2515_0+	1081_8+	1082_19+	
2516_0-	453_0+	2518_0+	454_0+	2519_0+	455_0+	2524_0+	
2525_0+	1037_20+	1038_6+	
2527_0+	1081_13+	1082_14+	
2535_0-	458_0+	2538_0+	459_0+	1057_0+	460_0+	2539_0+	461_0+	2540_0+	1065_0+	834_0+	462_0+	2543_0+	
2556_0-	464_0+	2557_0+	
2560_0-	465_0+	2562_0+	466_0+	2563_0+	467_0+	
2579_0+	1044_32+	1045_16+	1046_57+	1047_17+	1048_56+	
2580_0-	478_0+	1046_74+	1047_0+	1048_73+	
2588_0-	479_0+	2590_0+	480_0+	2591_0+	481_0+	2596_0+	
2625_0+	1044_43+	1045_52+	1046_21+	1047_53+	1048_20+	
2630_0-	500_0+	2636_0+	501_0+	502_0+	140_0+	1823_0+	141_0+	1824_0+	1103_1+	1463_0+	241_0+	242_0+	840_0-	3536_0+	
2644_0-	506_0+	2648_0+	
2647_0+	507_0+	2649_0+	
2657_0+	521_0+	2659_0+	522_0+	2660_0+	
2667_0+	1044_25+	1045_43+	1046_30+	1047_44+	1048_29+	
2669_0+	1030_3+	1031_9+	645_0+	3014_0+	646_0+	3017_0+	
2673_0+	982_4+	983_2+	
2674_0+	1081_15+	1082_12+	
2678_0+	1044_180+	1045_11+	1046_62+	1047_12+	1048_61+	
2679_0-	531_0+	2683_0+	532_0+	
2686_0+	1044_34+	1045_24+	1046_49+	1047_25+	1048_48+	
2696_0-	536_0+	2697_0+	
2703_0-	537_0+	2704_0+	538_0+	1093_0+	539_0+	2705_0+	540_0+	2706_0+	541_0+	2707_0+	542_0+	543_0+	544_0+	2716_0+	545_0+	2717_0+	546_0+	2722_0+	
2723_0-	548_0+	2727_0+	549_0+	2728_0+	550_0+	957_0+	
2734_0-	554_0+	2735_0+	49_0+	1070_6-	1069_11-	1068_4-	3467_0-	
2743_0+	1044_165+	1045_65+	1046_8+	1047_66+	1048_7+	
2747_0-	559_0+	2748_0+	560_0+	2749_0+	
2754_0-	561_0+	2755_0+	562_0+	2756_0+	563_0+	2757_0+	564_0+	2758_0+	565_0+	2759_0+	566_0+	2760_0+	567_0+	2761_0+	568_0+	2762_0+	569_0+	2763_0+	570_0+	2764_0+	
2765_0+	1044_135+	1045_22+	1046_51+	1047_23+	1048_50+	
2769_0-	571_0+	2770_1+	
2770_0+	572_0+	2771_1+	
2771_0+	573_0+	2772_0+	
2779_0-	575_0+	2780_0+	576_0+	2784_0+	
2790_0-	577_0+	2791_0+	578_0+	2792_0+	1044_100+	
2798_0-	579_0+	2803_0+	
2814_0+	582_0+	2818_0+	
2823_0-	583_0+	2824_0+	584_0+	
2825_0+	585_0+	2827_0+	
2829_0-	586_0+	2831_0+	
2831_1+	587_0+	2832_0+	588_0+	2836_0+	
2838_0+	1044_55+	1045_30+	1046_43+	1047_31+	1048_42+	
2839_0-	589_0+	590_0+	2843_0+	591_0+	2844_0+	592_0+	
2852_0-	596_0+	2853_0+	597_0+	2854_0+	598_0+	2855_0+	599_0+	1089_0-	1073_2-	
2856_0+	1085_0+	1086_2+	1087_1+	
2868_0+	605_0+	2869_0+	606_0+	2870_0+	607_0+	2871_0+	608_0+	2872_0+	609_0+	413_0+	414_0+	610_0+	2873_0+	611_0+	2874_0+	612_0+	2875_0+	613_0+	2878_0+	
2886_0-	615_0+	2887_0+	
2897_0+	982_3+	983_1+	
2898_0+	1081_19+	1082_8+	
2901_0-	622_0+	2903_0+	
2907_0+	1081_18+	1082_9+	
2912_0+	625_0+	2913_0+	626_0+	2914_0+	
2918_0+	1030_6+	1031_6+	1032_7+	
2919_0-	627_0+	2926_0+	
2920_0+	1037_13+	1038_10+	
2928_0-	628_0+	2929_0+	629_0+	2931_0+	
2934_0-	630_0+	2935_0+	631_0+	2940_0+	
2943_1+	1030_2+	1031_11+	1032_5+	
2944_0-	632_0+	2946_0+	
2954_0-	633_0+	2959_0+	
2960_0-	634_0+	2961_0+	635_0+	2962_0+	636_0+	2968_0+	
2972_0-	637_0+	2975_0+	982_6+	
2976_0+	1081_17+	1082_10+	
2977_0+	1061_21+	1062_4+	
2982_0-	638_0+	2988_0+	
2984_0+	982_5+	983_0+	
2985_0+	1081_23+	1082_4+	
2990_0-	639_0+	2993_0+	
2992_0+	1044_39+	1045_26+	1046_47+	1047_27+	1048_46+	
2998_0-	640_0+	3005_0+	
3009_0-	641_0+	3011_0+	642_0+	
3022_0-	647_0+	648_0+	3023_0+	649_0+	3024_0+	650_0+	3026_0+	
3031_0-	651_0+	3035_0+	
3036_0+	653_0+	3037_0+	654_0+	3038_1+	
3038_0+	655_0+	3039_0+	656_0+	1011_0+	657_0+	127_0-	
3041_0+	661_0+	3044_0+	
3042_0+	1044_35+	1045_17+	1046_56+	1047_18+	1048_55+	
3048_0+	664_0+	3049_0+	665_0+	3051_0+	
3053_0-	667_0+	1067_0+	
3066_0-	672_0+	3068_0+	673_0+	3069_0+	674_0+	675_0+	3070_0+	676_0+	3071_0+	678_0+	3076_0+	
3072_0+	1044_44+	1045_21+	1046_52+	1047_22+	1048_51+	
3081_0-	679_0+	3087_0+	
3092_0-	680_0+	3093_0+	808_0+	3431_0+	809_0+	3432_0+	810_0+	3435_0+	1061_12+	1062_7+	
3100_0+	1044_53+	1045_49+	1046_24+	1047_50+	1048_23+	
3102_0-	682_0+	3104_0+	683_0+	3107_0+	
3111_0-	684_0+	3113_0+	685_0+	3114_0+	686_0+	1043_0+	1044_144+	
3117_0-	687_0+	3120_0+	688_0+	3126_0+	
3128_0+	1044_41+	1045_39+	1046_34+	1047_40+	1048_33+	
3131_0-	689_0+	3133_0+	690_0+	3134_0+	691_0+	692_0+	3135_0+	693_0+	3142_0+	
3155_0+	1044_31+	1045_14+	1046_59+	1047_15+	1048_58+	
3158_0-	697_0+	3160_0+	698_0+	3161_0+	700_0+	1107_0-	3127_0-	
3166_0-	701_0+	3172_0+	
3174_0+	1044_42+	1045_62+	1046_11+	1047_63+	1048_10+	
3182_0-	704_0+	3186_0+	
3190_0+	1044_48+	1045_6+	1046_67+	1047_7+	1048_66+	
3193_0-	705_0+	3195_0+	706_0+	3201_0+	
3204_0-	707_0+	3209_0+	
3205_0+	1044_29+	1045_71+	1046_2+	1047_72+	1048_0+	
3211_0-	708_0+	3215_0+	
3217_0+	1044_88+	1046_0-	1045_73-	1044_164-	1896_0-	
3230_0+	1044_33+	1045_15+	1046_58+	1047_16+	1048_57+	
3230_1+	1044_45+	1045_57+	1046_16+	1047_58+	1048_15+	
3232_0-	712_0+	3234_0+	713_0+	3236_0+	714_0+	715_0+	3237_0+	716_0+	3241_0+	
3235_0+	958_0+	959_0+	960_0+	
3243_0+	1044_40+	1045_8+	1046_65+	1047_9+	1048_64+	
3245_0-	717_0+	3247_0+	718_0+	3248_0+	719_0+	3249_0+	720_0+	3250_0+	721_0+	3251_0+	
3253_0-	722_0+	3256_0+	723_0+	724_0+	725_0+	995_0-	3257_0-	726_0+	3258_0+	727_0+	3259_0+	728_0+	3260_0+	729_0+	3265_0+	
3267_0+	1044_101+	1045_56+	1046_17+	1047_57+	1048_16+	
3269_0-	730_0+	3271_0+	731_0+	3272_0+	732_0+	3273_0+	733_0+	3274_0+	734_0+	1020_0-	735_0+	3275_0+	736_0+	3276_0+	1044_74+	1045_41+	1046_32+	1047_42+	1048_31+	
3281_0-	737_0+	3284_0+	
3282_0+	1044_24+	1045_12+	1046_61+	1047_13+	1048_60+	
3287_0-	738_0+	3291_0+	739_0+	3295_0+	
3302_0-	740_0+	3303_0+	741_0+	
3304_0+	742_0+	482_0+	2603_0+	483_0+	2604_0+	484_0+	1050_0-	485_0+	2605_0+	8_0+	1478_0+	
3325_0+	1044_49+	1045_29+	1046_44+	1047_30+	1048_43+	
3332_0+	1081_9+	1082_18+	
3335_0-	756_0+	3336_0+	757_0+	3340_0+	
3337_0+	1044_15+	1045_5+	1046_68+	1047_6+	1048_67+	
3344_0-	758_0+	1297_0-	
3351_0+	1061_17+	1062_8+	
3354_0-	759_0+	3355_0+	760_0+	3356_0+	761_0+	3362_0+	
3364_0-	762_0+	3365_0+	763_0+	3366_0+	764_0+	3367_0+	766_0+	971_0-	
3371_0+	1037_19+	1038_9+	
3373_0+	1081_27+	1082_1+	
3374_0+	1061_15+	1062_10+	
3381_1+	772_0+	3382_0+	
3382_1+	773_0+	774_0+	3384_0+	
3390_0-	781_0+	3394_0+	
3396_0+	1044_98+	1045_59+	1046_14+	1047_60+	1048_13+	
3397_0-	782_0+	3398_0+	783_0+	3399_0+	784_0+	3400_0+	785_0+	3401_0+	786_0+	3402_0+	787_0+	3403_0+	788_0+	3404_1+	
3404_0+	789_0+	3405_0+	790_0+	3406_0+	791_0+	792_0+	3407_0+	
3412_0+	1044_28+	1045_60+	1046_13+	1047_61+	1048_12+	
3420_0-	801_0+	3422_0+	802_0+	1012_0+	804_0+	1051_0+	
3428_0+	1061_13+	1062_1+	
3441_0-	811_0+	975_0-	974_0-	973_0-	993_0-	1828_0-	148_0+	1832_0+	1061_31+	
3461_0+	1044_70+	1045_36+	1046_37+	1047_37+	1048_36+	
3476_0+	1044_27+	1045_25+	1046_48+	1047_26+	1048_47+	
3479_0-	828_0+	3485_0+	
3481_0+	1044_22+	1045_0+	
3481_1+	1044_62+	1045_34+	1046_39+	1047_35+	1048_38+	
3491_0+	830_0+	3492_0+	831_0+	3493_0+	832_0+	3495_0+	
3499_0-	833_0+	3505_0+	
3504_0+	1061_10+	1062_6+	
3507_0+	1044_20+	1045_35+	1046_38+	1047_36+	1048_37+	
3517_0+	982_8+	983_5+	
3518_0+	1081_10+	1082_17+	
3519_0+	1061_9+	1062_9+	
3526_0+	1044_23+	1045_10+	1046_63+	1047_11+	1048_62+	
3535_0+	1061_8+	1062_5+	
3543_0+	1037_15+	1038_3+	
3545_0+	1081_20+	1082_7+	
3549_0+	1037_18+	1038_0+	
3551_0+	1081_16+	1082_11+	
3556_0-	848_0+	3560_0+	849_0+	3561_0+	
3566_0+	1081_24+	1082_3+	
3566_1+	1081_25+	1082_2+	
3575_0+	1030_9+	1031_4+	1099_1+	1351_0+	132_0+	1803_0+	
3579_0+	1061_5+	1062_11+	
3582_0-	852_0+	3585_0+	
3587_0+	1044_11+	1045_53+	1046_20+	1047_54+	1048_19+	
3592_0+	1061_4+	1062_3+	
3596_0+	1030_14+	1031_1+	
3598_0+	1044_13+	1045_51+	1046_22+	1047_52+	1048_21+	
3603_0+	1037_8+	1038_2+	
3608_0-	858_0+	3609_0+	859_0+	3610_0+	860_0+	3615_0+	
3617_0+	1044_7+	1045_55+	1046_18+	1047_56+	1048_17+	
3627_0+	1044_19+	1045_63+	1046_10+	1047_64+	1048_9+	
3627_1+	1044_14+	1045_64+	1046_9+	1047_65+	1048_8+	
3632_0+	1044_8+	1045_13+	1046_60+	1047_14+	1048_59+	
3633_0+	1030_11+	1031_2+	
3635_0+	1037_6+	1038_4+	
3642_0+	875_0+	3643_0+	876_0+	1320_0-	
3644_0+	1037_5+	1038_5+	
3646_0+	1081_12+	1082_15+	
3647_0+	1061_2+	1062_2+	
3657_0+	1030_13+	1031_0+	1099_0+	1391_0+	
3663_0-	883_0+	3664_0+	884_0+	3665_0+	885_0+	990_0-	
3672_0+	1081_11+	1082_16+	
3675_0+	1044_4+	1045_48+	1046_25+	1047_49+	1048_24+	
3676_0+	1030_7+	1031_5+	
3680_0+	892_0+	3681_0+	893_0+	1109_0+	
3683_0+	897_0+	3685_0+	
3689_0+	1044_3+	1045_23+	1046_50+	1047_24+	1048_49+	
3690_0-	898_0+	3694_0+	899_0+	3695_0+	900_0+	
3698_0+	1081_22+	1082_5+	
3699_0+	967_0+	968_0+	969_0+	
3701_1+	1044_1+	1045_4+	1046_69+	1047_5+	1048_68+	
3704_0+	916_0+	3714_0+	
3732_0+	1037_1+	1038_1+	
3748_0-	940_0+	3752_0+	941_0+	3753_0+	942_0+	3754_0+	943_0+	1015_0+	944_0+	3755_0+	945_0+	3756_0+	946_0+	3757_0+	947_0+	3758_0+	948_0+	
3750_0+	1081_26+	1082_0+	
3751_0+	1061_0+	1062_0+	
3761_0+	1030_4+	1031_10+	
3764_0-	952_0+	3767_0+	1081_0+	
3771_0-	953_0+	1_0+	2_1+	1465_0+	890_0+	3679_0+	231_0+	2030_0+	232_0+	2034_0+	
