k141_6:1-4917+	NZ_CP007265.1:4378971-4556659+	k141_0:1-2241+	cNZ_CP007265.1:1567645-1773158+	NZ_CP007265.1:1773158-2051863+	NZ_CP007265.1:2051863-2051962+	NZ_CP007265.1:2051962-2057011+	NZ_CP007265.1:2057011-2057439+	NZ_CP007265.1:2057439-2427291+	k141_3:1-3555-	NZ_CP007265.1:4574022-4758629+	NZ_CP007265.1:1-74035+	NZ_CP007265.1:74035-75760+	NZ_CP007265.1:75760-77022+	k141_5:1-2384-	k141_1:1-831+	NZ_CP007265.1:2787119-2898862-	NZ_CP007265.1:2780353-2787119-	NZ_CP007265.1:2780227-2780353-	NZ_CP007265.1:2720257-2780227-	NZ_CP007265.1:2427291-2720257-	NZ_CP007265.1:1474679-1567645-	NZ_CP007265.1:1467300-1474679-	NZ_CP007265.1:1368490-1467300-	NZ_CP007265.1:1360900-1368490-	NZ_CP007265.1:1116556-1360900-	NZ_CP007265.1:1101484-1116556-	NZ_CP007265.1:516641-1101484-	NZ_CP007265.1:510040-516641-	NZ_CP007265.1:475615-510040-	NZ_CP007265.1:471235-475615-	NZ_CP007265.1:3506998-4378135+	k141_2:1-1824+	NZ_CP007265.1:77022-471235+	NZ_CP007265.1:3341603-3342671-	NZ_CP007265.1:2898862-3341603-	k141_4:1-7822-	NZ_CP007265.1:3346354-3506998-	NZ_CP007265.1:3346093-3346354-	NZ_CP007265.1:3342671-3346093-	
